node_modules/ethers/lib.commonjs/abi/abi-coder.d.ts(21,5): error TS18028: Private identifiers are only available when targeting ECMAScript 2015 and higher.
node_modules/ethers/lib.commonjs/abi/coders/abstract-coder.d.ts(14,5): error TS18028: Private identifiers are only available when targeting ECMAScript 2015 and higher.
node_modules/ethers/lib.commonjs/abi/coders/abstract-coder.d.ts(99,5): error TS18028: Private identifiers are only available when targeting ECMAScript 2015 and higher.
node_modules/ethers/lib.commonjs/abi/coders/abstract-coder.d.ts(112,5): error TS18028: Private identifiers are only available when targeting ECMAScript 2015 and higher.
node_modules/ethers/lib.commonjs/abi/fragments.d.ts(109,5): error TS18028: Private identifiers are only available when targeting ECMAScript 2015 and higher.
node_modules/ethers/lib.commonjs/abi/interface.d.ts(171,5): error TS18028: Private identifiers are only available when targeting ECMAScript 2015 and higher.
node_modules/ethers/lib.commonjs/abi/typed.d.ts(78,5): error TS18028: Private identifiers are only available when targeting ECMAScript 2015 and higher.
node_modules/ethers/lib.commonjs/contract/wrappers.d.ts(55,5): error TS18028: Private identifiers are only available when targeting ECMAScript 2015 and higher.
node_modules/ethers/lib.commonjs/contract/wrappers.d.ts(71,5): error TS18028: Private identifiers are only available when targeting ECMAScript 2015 and higher.
node_modules/ethers/lib.commonjs/crypto/signature.d.ts(33,5): error TS18028: Private identifiers are only available when targeting ECMAScript 2015 and higher.
node_modules/ethers/lib.commonjs/crypto/signing-key.d.ts(14,5): error TS18028: Private identifiers are only available when targeting ECMAScript 2015 and higher.
node_modules/ethers/lib.commonjs/hash/typed-data.d.ts(50,5): error TS18028: Private identifiers are only available when targeting ECMAScript 2015 and higher.
node_modules/ethers/lib.commonjs/providers/abstract-provider.d.ts(253,5): error TS18028: Private identifiers are only available when targeting ECMAScript 2015 and higher.
node_modules/ethers/lib.commonjs/providers/abstract-signer.d.ts(51,5): error TS18028: Private identifiers are only available when targeting ECMAScript 2015 and higher.
node_modules/ethers/lib.commonjs/providers/ens-resolver.d.ts(90,5): error TS18028: Private identifiers are only available when targeting ECMAScript 2015 and higher.
node_modules/ethers/lib.commonjs/providers/network.d.ts(28,5): error TS18028: Private identifiers are only available when targeting ECMAScript 2015 and higher.
node_modules/ethers/lib.commonjs/providers/plugins-network.d.ts(130,5): error TS18028: Private identifiers are only available when targeting ECMAScript 2015 and higher.
node_modules/ethers/lib.commonjs/providers/plugins-network.d.ts(146,5): error TS18028: Private identifiers are only available when targeting ECMAScript 2015 and higher.
node_modules/ethers/lib.commonjs/providers/provider-browser.d.ts(47,5): error TS18028: Private identifiers are only available when targeting ECMAScript 2015 and higher.
node_modules/ethers/lib.commonjs/providers/provider-etherscan.d.ts(83,5): error TS18028: Private identifiers are only available when targeting ECMAScript 2015 and higher.
node_modules/ethers/lib.commonjs/providers/provider-fallback.d.ts(84,5): error TS18028: Private identifiers are only available when targeting ECMAScript 2015 and higher.
node_modules/ethers/lib.commonjs/providers/provider-ipcsocket.d.ts(12,5): error TS18028: Private identifiers are only available when targeting ECMAScript 2015 and higher.
node_modules/ethers/lib.commonjs/providers/provider-jsonrpc.d.ts(212,5): error TS18028: Private identifiers are only available when targeting ECMAScript 2015 and higher.
node_modules/ethers/lib.commonjs/providers/provider-jsonrpc.d.ts(326,5): error TS18028: Private identifiers are only available when targeting ECMAScript 2015 and higher.
node_modules/ethers/lib.commonjs/providers/provider-jsonrpc.d.ts(344,5): error TS18028: Private identifiers are only available when targeting ECMAScript 2015 and higher.
node_modules/ethers/lib.commonjs/providers/provider-socket.d.ts(21,5): error TS18028: Private identifiers are only available when targeting ECMAScript 2015 and higher.
node_modules/ethers/lib.commonjs/providers/provider-socket.d.ts(71,5): error TS18028: Private identifiers are only available when targeting ECMAScript 2015 and higher.
node_modules/ethers/lib.commonjs/providers/provider-socket.d.ts(88,5): error TS18028: Private identifiers are only available when targeting ECMAScript 2015 and higher.
node_modules/ethers/lib.commonjs/providers/provider-websocket.d.ts(31,5): error TS18028: Private identifiers are only available when targeting ECMAScript 2015 and higher.
node_modules/ethers/lib.commonjs/providers/provider.d.ts(289,5): error TS18028: Private identifiers are only available when targeting ECMAScript 2015 and higher.
node_modules/ethers/lib.commonjs/providers/provider.d.ts(539,5): error TS18028: Private identifiers are only available when targeting ECMAScript 2015 and higher.
node_modules/ethers/lib.commonjs/providers/provider.d.ts(712,5): error TS18028: Private identifiers are only available when targeting ECMAScript 2015 and higher.
node_modules/ethers/lib.commonjs/providers/signer-noncemanager.d.ts(11,5): error TS18028: Private identifiers are only available when targeting ECMAScript 2015 and higher.
node_modules/ethers/lib.commonjs/transaction/transaction.d.ts(133,5): error TS18028: Private identifiers are only available when targeting ECMAScript 2015 and higher.
node_modules/ethers/lib.commonjs/utils/events.d.ts(58,5): error TS18028: Private identifiers are only available when targeting ECMAScript 2015 and higher.
node_modules/ethers/lib.commonjs/utils/fetch.d.ts(45,5): error TS18028: Private identifiers are only available when targeting ECMAScript 2015 and higher.
node_modules/ethers/lib.commonjs/utils/fetch.d.ts(66,5): error TS18028: Private identifiers are only available when targeting ECMAScript 2015 and higher.
node_modules/ethers/lib.commonjs/utils/fetch.d.ts(294,5): error TS18028: Private identifiers are only available when targeting ECMAScript 2015 and higher.
node_modules/ethers/lib.commonjs/utils/fixednumber.d.ts(63,5): error TS18028: Private identifiers are only available when targeting ECMAScript 2015 and higher.
node_modules/ethers/lib.commonjs/wallet/base-wallet.d.ts(17,5): error TS18028: Private identifiers are only available when targeting ECMAScript 2015 and higher.
node_modules/ethers/lib.commonjs/wallet/hdwallet.d.ts(27,5): error TS18028: Private identifiers are only available when targeting ECMAScript 2015 and higher.
node_modules/ethers/lib.commonjs/wallet/wallet.d.ts(17,5): error TS18028: Private identifiers are only available when targeting ECMAScript 2015 and higher.
node_modules/ethers/lib.commonjs/wordlists/wordlist-owl.d.ts(15,5): error TS18028: Private identifiers are only available when targeting ECMAScript 2015 and higher.
node_modules/ethers/lib.commonjs/wordlists/wordlist-owla.d.ts(15,5): error TS18028: Private identifiers are only available when targeting ECMAScript 2015 and higher.
